   Compiling garbled-snark-verifier v0.2.0 (/home/q99/projects/github.com/BitVM/poseidon)
    Finished `release` profile [optimized] target(s) in 1m 14s
     Running `target/release/examples/groth16_garble --hasher poseidon2`
[2025-09-09T17:26:48Z INFO  groth16_garble] Using Poseidon2 hasher
[2025-09-09T17:26:48Z INFO  garbled_snark_verifier::core::progress] garbled: 0
[2025-09-09T17:28:28Z INFO  garbled_snark_verifier::core::progress] garbled: 50.0m
[2025-09-09T17:29:07Z INFO  garbled_snark_verifier::core::progress] garbled: 100.0m
[2025-09-09T17:29:34Z INFO  garbled_snark_verifier::core::progress] garbled: 150.0m
[2025-09-09T17:30:00Z INFO  garbled_snark_verifier::core::progress] garbled: 200.0m
[2025-09-09T17:30:34Z INFO  garbled_snark_verifier::core::progress] garbled: 250.0m
[2025-09-09T17:31:10Z INFO  garbled_snark_verifier::core::progress] garbled: 300.0m
[2025-09-09T17:31:37Z INFO  garbled_snark_verifier::core::progress] garbled: 350.0m
[2025-09-09T17:32:04Z INFO  garbled_snark_verifier::core::progress] garbled: 400.0m
[2025-09-09T17:32:31Z INFO  garbled_snark_verifier::core::progress] garbled: 450.0m
[2025-09-09T17:32:59Z INFO  garbled_snark_verifier::core::progress] garbled: 500.0m
[2025-09-09T17:33:26Z INFO  garbled_snark_verifier::core::progress] garbled: 550.0m
[2025-09-09T17:33:53Z INFO  garbled_snark_verifier::core::progress] garbled: 600.0m
[2025-09-09T17:34:19Z INFO  garbled_snark_verifier::core::progress] garbled: 650.0m
[2025-09-09T17:34:47Z INFO  garbled_snark_verifier::core::progress] garbled: 700.0m
[2025-09-09T17:35:14Z INFO  garbled_snark_verifier::core::progress] garbled: 750.0m
[2025-09-09T17:35:41Z INFO  garbled_snark_verifier::core::progress] garbled: 800.0m
[2025-09-09T17:36:07Z INFO  garbled_snark_verifier::core::progress] garbled: 850.0m
[2025-09-09T17:36:34Z INFO  garbled_snark_verifier::core::progress] garbled: 900.0m
[2025-09-09T17:37:01Z INFO  garbled_snark_verifier::core::progress] garbled: 950.0m
[2025-09-09T17:37:27Z INFO  garbled_snark_verifier::core::progress] garbled: 1.00b
[2025-09-09T17:37:54Z INFO  garbled_snark_verifier::core::progress] garbled: 1.05b
[2025-09-09T17:38:21Z INFO  garbled_snark_verifier::core::progress] garbled: 1.10b
[2025-09-09T17:38:47Z INFO  garbled_snark_verifier::core::progress] garbled: 1.15b
[2025-09-09T17:39:14Z INFO  garbled_snark_verifier::core::progress] garbled: 1.20b
[2025-09-09T17:39:40Z INFO  garbled_snark_verifier::core::progress] garbled: 1.25b
[2025-09-09T17:40:06Z INFO  garbled_snark_verifier::core::progress] garbled: 1.30b
[2025-09-09T17:40:32Z INFO  garbled_snark_verifier::core::progress] garbled: 1.35b
[2025-09-09T17:40:59Z INFO  garbled_snark_verifier::core::progress] garbled: 1.40b
[2025-09-09T17:41:26Z INFO  garbled_snark_verifier::core::progress] garbled: 1.45b
[2025-09-09T17:41:52Z INFO  garbled_snark_verifier::core::progress] garbled: 1.50b
[2025-09-09T17:42:18Z INFO  garbled_snark_verifier::core::progress] garbled: 1.55b
[2025-09-09T17:42:45Z INFO  garbled_snark_verifier::core::progress] garbled: 1.60b
[2025-09-09T17:43:13Z INFO  garbled_snark_verifier::core::progress] garbled: 1.65b
[2025-09-09T17:43:39Z INFO  garbled_snark_verifier::core::progress] garbled: 1.70b
[2025-09-09T17:44:05Z INFO  garbled_snark_verifier::core::progress] garbled: 1.75b
[2025-09-09T17:44:32Z INFO  garbled_snark_verifier::core::progress] garbled: 1.80b
[2025-09-09T17:44:59Z INFO  garbled_snark_verifier::core::progress] garbled: 1.85b
[2025-09-09T17:45:25Z INFO  garbled_snark_verifier::core::progress] garbled: 1.90b
[2025-09-09T17:45:52Z INFO  garbled_snark_verifier::core::progress] garbled: 1.95b
[2025-09-09T17:46:18Z INFO  garbled_snark_verifier::core::progress] garbled: 2.00b
[2025-09-09T17:46:44Z INFO  garbled_snark_verifier::core::progress] garbled: 2.05b
[2025-09-09T17:47:11Z INFO  garbled_snark_verifier::core::progress] garbled: 2.10b
[2025-09-09T17:47:38Z INFO  garbled_snark_verifier::core::progress] garbled: 2.15b
[2025-09-09T17:48:04Z INFO  garbled_snark_verifier::core::progress] garbled: 2.20b
[2025-09-09T17:48:31Z INFO  garbled_snark_verifier::core::progress] garbled: 2.25b
[2025-09-09T17:48:59Z INFO  garbled_snark_verifier::core::progress] garbled: 2.30b
[2025-09-09T17:49:25Z INFO  garbled_snark_verifier::core::progress] garbled: 2.35b
[2025-09-09T17:49:51Z INFO  garbled_snark_verifier::core::progress] garbled: 2.40b
[2025-09-09T17:50:17Z INFO  garbled_snark_verifier::core::progress] garbled: 2.45b
[2025-09-09T17:50:45Z INFO  garbled_snark_verifier::core::progress] garbled: 2.50b
[2025-09-09T17:51:11Z INFO  garbled_snark_verifier::core::progress] garbled: 2.55b
[2025-09-09T17:51:37Z INFO  garbled_snark_verifier::core::progress] garbled: 2.60b
[2025-09-09T17:52:04Z INFO  garbled_snark_verifier::core::progress] garbled: 2.65b
[2025-09-09T17:52:31Z INFO  garbled_snark_verifier::core::progress] garbled: 2.70b
[2025-09-09T17:52:57Z INFO  garbled_snark_verifier::core::progress] garbled: 2.75b
[2025-09-09T17:53:24Z INFO  garbled_snark_verifier::core::progress] garbled: 2.80b
[2025-09-09T17:53:50Z INFO  garbled_snark_verifier::core::progress] garbled: 2.85b
[2025-09-09T17:54:17Z INFO  garbled_snark_verifier::core::progress] garbled: 2.90b
[2025-09-09T17:54:44Z INFO  garbled_snark_verifier::core::progress] garbled: 2.95b
[2025-09-09T17:55:10Z INFO  garbled_snark_verifier::core::progress] garbled: 3.00b
[2025-09-09T17:55:37Z INFO  garbled_snark_verifier::core::progress] garbled: 3.05b
[2025-09-09T17:56:03Z INFO  garbled_snark_verifier::core::progress] garbled: 3.10b
[2025-09-09T17:56:30Z INFO  garbled_snark_verifier::core::progress] garbled: 3.15b
[2025-09-09T17:56:57Z INFO  garbled_snark_verifier::core::progress] garbled: 3.20b
[2025-09-09T17:57:24Z INFO  garbled_snark_verifier::core::progress] garbled: 3.25b
[2025-09-09T17:57:50Z INFO  garbled_snark_verifier::core::progress] garbled: 3.30b
[2025-09-09T17:58:17Z INFO  garbled_snark_verifier::core::progress] garbled: 3.35b
[2025-09-09T17:58:44Z INFO  garbled_snark_verifier::core::progress] garbled: 3.40b
[2025-09-09T17:59:10Z INFO  garbled_snark_verifier::core::progress] garbled: 3.45b
[2025-09-09T17:59:36Z INFO  garbled_snark_verifier::core::progress] garbled: 3.50b
[2025-09-09T18:00:03Z INFO  garbled_snark_verifier::core::progress] garbled: 3.55b
[2025-09-09T18:00:30Z INFO  garbled_snark_verifier::core::progress] garbled: 3.60b
[2025-09-09T18:00:57Z INFO  garbled_snark_verifier::core::progress] garbled: 3.65b
[2025-09-09T18:01:24Z INFO  garbled_snark_verifier::core::progress] garbled: 3.70b
[2025-09-09T18:01:50Z INFO  garbled_snark_verifier::core::progress] garbled: 3.75b
[2025-09-09T18:02:17Z INFO  garbled_snark_verifier::core::progress] garbled: 3.80b
[2025-09-09T18:02:44Z INFO  garbled_snark_verifier::core::progress] garbled: 3.85b
[2025-09-09T18:03:10Z INFO  garbled_snark_verifier::core::progress] garbled: 3.90b
[2025-09-09T18:03:36Z INFO  garbled_snark_verifier::core::progress] garbled: 3.95b
[2025-09-09T18:04:03Z INFO  garbled_snark_verifier::core::progress] garbled: 4.00b
[2025-09-09T18:04:30Z INFO  garbled_snark_verifier::core::progress] garbled: 4.05b
[2025-09-09T18:04:56Z INFO  garbled_snark_verifier::core::progress] garbled: 4.10b
[2025-09-09T18:05:23Z INFO  garbled_snark_verifier::core::progress] garbled: 4.15b
[2025-09-09T18:05:49Z INFO  garbled_snark_verifier::core::progress] garbled: 4.20b
[2025-09-09T18:06:15Z INFO  garbled_snark_verifier::core::progress] garbled: 4.25b
[2025-09-09T18:06:43Z INFO  garbled_snark_verifier::core::progress] garbled: 4.30b
[2025-09-09T18:07:09Z INFO  garbled_snark_verifier::core::progress] garbled: 4.35b
[2025-09-09T18:07:35Z INFO  garbled_snark_verifier::core::progress] garbled: 4.40b
[2025-09-09T18:08:03Z INFO  garbled_snark_verifier::core::progress] garbled: 4.45b
[2025-09-09T18:08:30Z INFO  garbled_snark_verifier::core::progress] garbled: 4.50b
[2025-09-09T18:08:56Z INFO  garbled_snark_verifier::core::progress] garbled: 4.55b
[2025-09-09T18:09:22Z INFO  garbled_snark_verifier::core::progress] garbled: 4.60b
[2025-09-09T18:09:49Z INFO  garbled_snark_verifier::core::progress] garbled: 4.65b
[2025-09-09T18:10:16Z INFO  garbled_snark_verifier::core::progress] garbled: 4.70b
[2025-09-09T18:10:42Z INFO  garbled_snark_verifier::core::progress] garbled: 4.75b
[2025-09-09T18:11:08Z INFO  garbled_snark_verifier::core::progress] garbled: 4.80b
[2025-09-09T18:11:35Z INFO  garbled_snark_verifier::core::progress] garbled: 4.85b
[2025-09-09T18:12:02Z INFO  garbled_snark_verifier::core::progress] garbled: 4.90b
[2025-09-09T18:12:29Z INFO  garbled_snark_verifier::core::progress] garbled: 4.95b
[2025-09-09T18:12:55Z INFO  garbled_snark_verifier::core::progress] garbled: 5.00b
[2025-09-09T18:13:22Z INFO  garbled_snark_verifier::core::progress] garbled: 5.05b
[2025-09-09T18:13:48Z INFO  garbled_snark_verifier::core::progress] garbled: 5.10b
[2025-09-09T18:14:15Z INFO  garbled_snark_verifier::core::progress] garbled: 5.15b
[2025-09-09T18:14:42Z INFO  garbled_snark_verifier::core::progress] garbled: 5.20b
[2025-09-09T18:15:08Z INFO  garbled_snark_verifier::core::progress] garbled: 5.25b
[2025-09-09T18:15:34Z INFO  garbled_snark_verifier::core::progress] garbled: 5.30b
[2025-09-09T18:16:01Z INFO  garbled_snark_verifier::core::progress] garbled: 5.35b
[2025-09-09T18:16:28Z INFO  garbled_snark_verifier::core::progress] garbled: 5.40b
[2025-09-09T18:16:55Z INFO  garbled_snark_verifier::core::progress] garbled: 5.45b
[2025-09-09T18:17:21Z INFO  garbled_snark_verifier::core::progress] garbled: 5.50b
[2025-09-09T18:17:47Z INFO  garbled_snark_verifier::core::progress] garbled: 5.55b
[2025-09-09T18:18:15Z INFO  garbled_snark_verifier::core::progress] garbled: 5.60b
[2025-09-09T18:18:42Z INFO  garbled_snark_verifier::core::progress] garbled: 5.65b
[2025-09-09T18:19:08Z INFO  garbled_snark_verifier::core::progress] garbled: 5.70b
[2025-09-09T18:19:35Z INFO  garbled_snark_verifier::core::progress] garbled: 5.75b
[2025-09-09T18:20:02Z INFO  garbled_snark_verifier::core::progress] garbled: 5.80b
[2025-09-09T18:20:28Z INFO  garbled_snark_verifier::core::progress] garbled: 5.85b
[2025-09-09T18:20:54Z INFO  garbled_snark_verifier::core::progress] garbled: 5.90b
[2025-09-09T18:21:21Z INFO  garbled_snark_verifier::core::progress] garbled: 5.95b
[2025-09-09T18:21:48Z INFO  garbled_snark_verifier::core::progress] garbled: 6.00b
[2025-09-09T18:22:15Z INFO  garbled_snark_verifier::core::progress] garbled: 6.05b
[2025-09-09T18:22:41Z INFO  garbled_snark_verifier::core::progress] garbled: 6.10b
[2025-09-09T18:23:07Z INFO  garbled_snark_verifier::core::progress] garbled: 6.15b
[2025-09-09T18:23:34Z INFO  garbled_snark_verifier::core::progress] garbled: 6.20b
[2025-09-09T18:24:01Z INFO  garbled_snark_verifier::core::progress] garbled: 6.25b
[2025-09-09T18:24:27Z INFO  garbled_snark_verifier::core::progress] garbled: 6.30b
[2025-09-09T18:24:53Z INFO  garbled_snark_verifier::core::progress] garbled: 6.35b
[2025-09-09T18:25:20Z INFO  garbled_snark_verifier::core::progress] garbled: 6.40b
[2025-09-09T18:25:47Z INFO  garbled_snark_verifier::core::progress] garbled: 6.45b
[2025-09-09T18:26:13Z INFO  garbled_snark_verifier::core::progress] garbled: 6.50b
[2025-09-09T18:26:40Z INFO  garbled_snark_verifier::core::progress] garbled: 6.55b
[2025-09-09T18:27:06Z INFO  garbled_snark_verifier::core::progress] garbled: 6.60b
[2025-09-09T18:27:33Z INFO  garbled_snark_verifier::core::progress] garbled: 6.65b
[2025-09-09T18:28:00Z INFO  garbled_snark_verifier::core::progress] garbled: 6.70b
[2025-09-09T18:28:26Z INFO  garbled_snark_verifier::core::progress] garbled: 6.75b
[2025-09-09T18:28:52Z INFO  garbled_snark_verifier::core::progress] garbled: 6.80b
[2025-09-09T18:29:19Z INFO  garbled_snark_verifier::core::progress] garbled: 6.85b
[2025-09-09T18:29:57Z INFO  garbled_snark_verifier::core::progress] garbled: 6.90b
[2025-09-09T18:30:25Z INFO  garbled_snark_verifier::core::progress] garbled: 6.95b
[2025-09-09T18:31:03Z INFO  garbled_snark_verifier::core::progress] garbled: 7.00b
[2025-09-09T18:31:32Z INFO  garbled_snark_verifier::core::progress] garbled: 7.05b
[2025-09-09T18:32:01Z INFO  garbled_snark_verifier::core::progress] garbled: 7.10b
[2025-09-09T18:32:30Z INFO  garbled_snark_verifier::core::progress] garbled: 7.15b
[2025-09-09T18:32:59Z INFO  garbled_snark_verifier::core::progress] garbled: 7.20b
[2025-09-09T18:33:28Z INFO  garbled_snark_verifier::core::progress] garbled: 7.25b
[2025-09-09T18:33:57Z INFO  garbled_snark_verifier::core::progress] garbled: 7.30b
[2025-09-09T18:34:26Z INFO  garbled_snark_verifier::core::progress] garbled: 7.35b
[2025-09-09T18:34:55Z INFO  garbled_snark_verifier::core::progress] garbled: 7.40b
[2025-09-09T18:35:24Z INFO  garbled_snark_verifier::core::progress] garbled: 7.45b
[2025-09-09T18:35:53Z INFO  garbled_snark_verifier::core::progress] garbled: 7.50b
[2025-09-09T18:36:22Z INFO  garbled_snark_verifier::core::progress] garbled: 7.55b
[2025-09-09T18:36:51Z INFO  garbled_snark_verifier::core::progress] garbled: 7.60b
[2025-09-09T18:37:20Z INFO  garbled_snark_verifier::core::progress] garbled: 7.65b
[2025-09-09T18:37:49Z INFO  garbled_snark_verifier::core::progress] garbled: 7.70b
[2025-09-09T18:38:18Z INFO  garbled_snark_verifier::core::progress] garbled: 7.75b
[2025-09-09T18:38:47Z INFO  garbled_snark_verifier::core::progress] garbled: 7.80b
[2025-09-09T18:39:16Z INFO  garbled_snark_verifier::core::progress] garbled: 7.85b
[2025-09-09T18:39:45Z INFO  garbled_snark_verifier::core::progress] garbled: 7.90b
[2025-09-09T18:40:14Z INFO  garbled_snark_verifier::core::progress] garbled: 7.95b
[2025-09-09T18:40:43Z INFO  garbled_snark_verifier::core::progress] garbled: 8.00b
[2025-09-09T18:41:12Z INFO  garbled_snark_verifier::core::progress] garbled: 8.05b
[2025-09-09T18:41:42Z INFO  garbled_snark_verifier::core::progress] garbled: 8.10b
[2025-09-09T18:42:11Z INFO  garbled_snark_verifier::core::progress] garbled: 8.15b
[2025-09-09T18:42:39Z INFO  garbled_snark_verifier::core::progress] garbled: 8.20b
[2025-09-09T18:43:09Z INFO  garbled_snark_verifier::core::progress] garbled: 8.25b
[2025-09-09T18:43:38Z INFO  garbled_snark_verifier::core::progress] garbled: 8.30b
[2025-09-09T18:44:07Z INFO  garbled_snark_verifier::core::progress] garbled: 8.35b
[2025-09-09T18:44:35Z INFO  garbled_snark_verifier::core::progress] garbled: 8.40b
[2025-09-09T18:45:13Z INFO  garbled_snark_verifier::core::progress] garbled: 8.45b
[2025-09-09T18:45:43Z INFO  garbled_snark_verifier::core::progress] garbled: 8.50b
[2025-09-09T18:46:12Z INFO  garbled_snark_verifier::core::progress] garbled: 8.55b
[2025-09-09T18:46:41Z INFO  garbled_snark_verifier::core::progress] garbled: 8.60b
[2025-09-09T18:47:10Z INFO  garbled_snark_verifier::core::progress] garbled: 8.65b
[2025-09-09T18:47:39Z INFO  garbled_snark_verifier::core::progress] garbled: 8.70b
[2025-09-09T18:48:08Z INFO  garbled_snark_verifier::core::progress] garbled: 8.75b
[2025-09-09T18:48:37Z INFO  garbled_snark_verifier::core::progress] garbled: 8.80b
[2025-09-09T18:49:06Z INFO  garbled_snark_verifier::core::progress] garbled: 8.85b
[2025-09-09T18:49:35Z INFO  garbled_snark_verifier::core::progress] garbled: 8.90b
[2025-09-09T18:50:05Z INFO  garbled_snark_verifier::core::progress] garbled: 8.95b
[2025-09-09T18:50:34Z INFO  garbled_snark_verifier::core::progress] garbled: 9.00b
[2025-09-09T18:51:03Z INFO  garbled_snark_verifier::core::progress] garbled: 9.05b
[2025-09-09T18:51:32Z INFO  garbled_snark_verifier::core::progress] garbled: 9.10b
[2025-09-09T18:52:02Z INFO  garbled_snark_verifier::core::progress] garbled: 9.15b
[2025-09-09T18:52:31Z INFO  garbled_snark_verifier::core::progress] garbled: 9.20b
[2025-09-09T18:53:00Z INFO  garbled_snark_verifier::core::progress] garbled: 9.25b
[2025-09-09T18:53:30Z INFO  garbled_snark_verifier::core::progress] garbled: 9.30b
[2025-09-09T18:53:59Z INFO  garbled_snark_verifier::core::progress] garbled: 9.35b
[2025-09-09T18:54:29Z INFO  garbled_snark_verifier::core::progress] garbled: 9.40b
[2025-09-09T18:54:58Z INFO  garbled_snark_verifier::core::progress] garbled: 9.45b
[2025-09-09T18:55:27Z INFO  garbled_snark_verifier::core::progress] garbled: 9.50b
[2025-09-09T18:55:56Z INFO  garbled_snark_verifier::core::progress] garbled: 9.55b
[2025-09-09T18:56:26Z INFO  garbled_snark_verifier::core::progress] garbled: 9.60b
[2025-09-09T18:56:55Z INFO  garbled_snark_verifier::core::progress] garbled: 9.65b
[2025-09-09T18:57:25Z INFO  garbled_snark_verifier::core::progress] garbled: 9.70b
[2025-09-09T18:57:54Z INFO  garbled_snark_verifier::core::progress] garbled: 9.75b
[2025-09-09T18:58:24Z INFO  garbled_snark_verifier::core::progress] garbled: 9.80b
[2025-09-09T18:59:01Z INFO  garbled_snark_verifier::core::progress] garbled: 9.85b
[2025-09-09T18:59:31Z INFO  garbled_snark_verifier::core::progress] garbled: 9.90b
[2025-09-09T19:00:00Z INFO  garbled_snark_verifier::core::progress] garbled: 9.95b
[2025-09-09T19:00:29Z INFO  garbled_snark_verifier::core::progress] garbled: 10.00b
[2025-09-09T19:00:59Z INFO  garbled_snark_verifier::core::progress] garbled: 10.05b
[2025-09-09T19:01:28Z INFO  garbled_snark_verifier::core::progress] garbled: 10.10b
[2025-09-09T19:01:57Z INFO  garbled_snark_verifier::core::progress] garbled: 10.15b
[2025-09-09T19:02:26Z INFO  garbled_snark_verifier::core::progress] garbled: 10.20b
[2025-09-09T19:02:55Z INFO  garbled_snark_verifier::core::progress] garbled: 10.25b
[2025-09-09T19:03:24Z INFO  garbled_snark_verifier::core::progress] garbled: 10.30b
[2025-09-09T19:03:54Z INFO  garbled_snark_verifier::core::progress] garbled: 10.35b
[2025-09-09T19:04:23Z INFO  garbled_snark_verifier::core::progress] garbled: 10.40b
[2025-09-09T19:04:52Z INFO  garbled_snark_verifier::core::progress] garbled: 10.45b
[2025-09-09T19:05:21Z INFO  garbled_snark_verifier::core::progress] garbled: 10.50b
[2025-09-09T19:05:51Z INFO  garbled_snark_verifier::core::progress] garbled: 10.55b
[2025-09-09T19:06:20Z INFO  garbled_snark_verifier::core::progress] garbled: 10.60b
[2025-09-09T19:06:49Z INFO  garbled_snark_verifier::core::progress] garbled: 10.65b
[2025-09-09T19:07:18Z INFO  garbled_snark_verifier::core::progress] garbled: 10.70b
[2025-09-09T19:07:48Z INFO  garbled_snark_verifier::core::progress] garbled: 10.75b
[2025-09-09T19:08:17Z INFO  garbled_snark_verifier::core::progress] garbled: 10.80b
[2025-09-09T19:08:46Z INFO  garbled_snark_verifier::core::progress] garbled: 10.85b
[2025-09-09T19:09:15Z INFO  garbled_snark_verifier::core::progress] garbled: 10.90b
[2025-09-09T19:09:44Z INFO  garbled_snark_verifier::core::progress] garbled: 10.95b
[2025-09-09T19:10:14Z INFO  garbled_snark_verifier::core::progress] garbled: 11.00b
[2025-09-09T19:10:44Z INFO  garbled_snark_verifier::core::progress] garbled: 11.05b
[2025-09-09T19:11:13Z INFO  garbled_snark_verifier::core::progress] garbled: 11.10b
